Test A015 Required
States 1
0:R1=0;
Ok
Witnesses
Positive: 1 Negative: 0
Condition forall (0:R1=0)
Observation A015 Always 1 0
Hash=0535d1eecaa0221132557e094709fd9d

