Test L023 Required
States 1
0:X0=2; 1:X0=6;
Ok
Witnesses
Positive: 1 Negative: 0
Condition forall (0:X0=2 /\ 1:X0=6)
Observation L023 Always 1 0
Hash=14f65c1615cf4aacb9a537cc98e98f15

