Test CAS03 Required
States 1
[x]=1;
Ok
Witnesses
Positive: 1 Negative: 0
Condition forall ([x]=1)
Observation CAS03 Always 1 0
Hash=337d3b9628962897752d5dd8bce6694a

