Test bitfields1 Required
States 1
0:main.0.b=1; 0:main.0.d=1; 0:main.0.e=1;
Ok
Witnesses
Positive: 1 Negative: 0
Condition forall (0:main.0.b=1 /\ 0:main.0.d=1 /\ 0:main.0.e=1)
Observation bitfields1 Always 1 0
Hash=9ef8fd01c0fe01bdcd9308fe880ed118

