Test no Required
States 1

Ok
Witnesses
Positive: 1 Negative: 0
Condition forall (true)
Observation no Always 1 0
Hash=fd16cbc38a50de0b8225d688a97fd9be

