Test double-load Required
States 1
0:main.0.three=3;
Ok
Witnesses
Positive: 1 Negative: 0
Condition forall (0:main.0.three=3)
Observation double-load Always 1 0
Hash=5614c5941e5a217f69aeb936c7ba6d66

