Test func1 Required
States 1
0:main.0.x=3; 0:main.0.y=3;
Ok
Witnesses
Positive: 1 Negative: 0
Condition forall (0:main.0.x=3 /\ 0:main.0.y=3)
Observation func1 Always 1 0
Hash=cc0ffc94a40b070dd49e16122553a22b

