Test func02 Required
States 1
0:setter-X_set.0.internal_i=2; 0:setter-X_set.0.internal_v=3; 0:main.0.x=4;
Ok
Witnesses
Positive: 1 Negative: 0
Condition forall (0:main.0.x=4 /\ 0:setter-X_set.0.internal_i=2 /\ 0:setter-X_set.0.internal_v=3)
Observation func02 Always 1 0
Hash=e8c462c15c918f9649214b8b05eb04ff

