Test func4 Required
States 1
0:main.0.a=0; 0:main.0.b=1; 0:main.0.c=5;
Ok
Witnesses
Positive: 1 Negative: 0
Condition forall (0:main.0.a=0 /\ 0:main.0.b=1 /\ 0:main.0.c=5)
Observation func4 Always 1 0
Hash=09083f3a2637e1ba93aff6c1f30fa030

