Test C04 Required
States 1
0:r0=0x0; 0:r1=0x0; 0:r2=0x0; 0:r3=0x0;
Ok
Witnesses
Positive: 1 Negative: 0
Condition forall (0:r0=0x0 /\ 0:r1=0x0 /\ 0:r2=0x0 /\ 0:r3=0x0)
Observation C04 Always 1 0
Hash=65d4730a05131206025f681ebb855dbc

