Test C05 Required
States 1
[x]=0x0;
Ok
Witnesses
Positive: 1 Negative: 0
Condition forall ([x]=0x0)
Observation C05 Always 1 0
Hash=d3348226a74733fbb129e11223f1e1e5

