Test MP-pseudo-arch Allowed
States 4
0:T1.0.a=0; 0:T1.0.b=0;
0:T1.0.a=0; 0:T1.0.b=1;
0:T1.0.a=1; 0:T1.0.b=0;
0:T1.0.a=1; 0:T1.0.b=1;
Ok
Witnesses
Positive: 1 Negative: 3
Condition exists (0:T1.0.a=1 /\ 0:T1.0.b=0)
Observation MP-pseudo-arch Sometimes 1 3
Hash=ad817c74e9de3c0ac0efebddf81e3bbe

